// Jest Snapshot v1, https://goo.gl/fbAQLP

exports[`Form should match the snapshot 1`] = `
<div
  id="form__div--container"
>
  <h1
    className="form-title"
  >
    Star Wars: Trivia
  </h1>
  <form>
    <input
      className="form__element form__input"
      id="form__first-name"
      name="name"
      onChange={[Function]}
      placeholder="Enter Name"
      type="text"
      value=""
    />
    <input
      className="form__element from__input"
      id="form__fav-quote"
      name="quote"
      onChange={[Function]}
      placeholder="Enter Favorite Star Wars Quote"
      type="text"
      value=""
    />
    <select
      className="form__element"
      name="rank"
      onChange={[Function]}
      value=""
    >
      <option
        defaultValue="rank"
      >
        Rank
      </option>
      <option
        name="rank"
        value="Beginner"
      >
        Beginner
      </option>
      <option
        name="rank"
        value="Intermediate"
      >
        Intermediate
      </option>
      <option
        name="rank"
        value="Expert"
      >
        Expert
      </option>
    </select>
    <Link
      className="form__button--link"
      to="/movies"
    >
      <button
        className="form__button"
        disabled={true}
      >
        Submit
      </button>
    </Link>
  </form>
</div>
`;
